\BOOKMARK [0][-]{chapter*.1}{\376\377\000A\000b\000s\000t\000r\000a\000c\000t}{}% 1
\BOOKMARK [0][-]{chapter*.2}{\376\377\000A\000c\000k\000n\000o\000w\000l\000e\000d\000g\000e\000m\000e\000n\000t\000s}{}% 2
\BOOKMARK [0][-]{chapter*.4}{\376\377\000L\000i\000s\000t\000\040\000o\000f\000\040\000F\000i\000g\000u\000r\000e\000s}{}% 3
\BOOKMARK [0][-]{chapter*.5}{\376\377\000L\000i\000s\000t\000\040\000o\000f\000\040\000T\000a\000b\000l\000e\000s}{}% 4
\BOOKMARK [0][-]{chapter.1}{\376\377\0001\000\040\000I\000n\000t\000r\000o\000d\000u\000c\000t\000i\000o\000n\000\040\000a\000n\000d\000\040\000M\000o\000t\000i\000v\000a\000t\000i\000o\000n}{}% 5
\BOOKMARK [1][-]{section.1.1}{\376\377\0001\000.\0001\000\040\000T\000h\000e\000\040\000p\000r\000o\000b\000l\000e\000m\000\040\000w\000e\000\040\000s\000e\000t\000\040\000o\000u\000t\000\040\000t\000o\000\040\000s\000o\000l\000v\000e}{chapter.1}% 6
\BOOKMARK [1][-]{section.1.2}{\376\377\0001\000.\0002\000\040\000W\000h\000y\000\040\000t\000h\000i\000s\000\040\000p\000r\000o\000b\000l\000e\000m\000\040\000i\000s\000\040\000a\000\040\000g\000o\000o\000d\000\040\000f\000i\000t\000\040\000f\000o\000r\000\040\000d\000e\000e\000p\000\040\000l\000e\000a\000r\000n\000i\000n\000g}{chapter.1}% 7
\BOOKMARK [1][-]{section.1.3}{\376\377\0001\000.\0003\000\040\000N\000o\000n\000-\000n\000e\000g\000o\000t\000i\000a\000b\000l\000e\000\040\000d\000e\000s\000i\000g\000n\000\040\000p\000r\000i\000n\000c\000i\000p\000l\000e\000s}{chapter.1}% 8
\BOOKMARK [1][-]{section.1.4}{\376\377\0001\000.\0004\000\040\000T\000h\000e\000\040\000t\000h\000r\000e\000e\000\040\000p\000h\000a\000s\000e\000s\000\040\000a\000t\000\040\000a\000\040\000g\000l\000a\000n\000c\000e}{chapter.1}% 9
\BOOKMARK [1][-]{section.1.5}{\376\377\0001\000.\0005\000\040\000C\000o\000n\000t\000r\000i\000b\000u\000t\000i\000o\000n\000s}{chapter.1}% 10
\BOOKMARK [1][-]{section.1.6}{\376\377\0001\000.\0006\000\040\000R\000e\000a\000d\000i\000n\000g\000\040\000g\000u\000i\000d\000e}{chapter.1}% 11
\BOOKMARK [0][-]{chapter.2}{\376\377\0002\000\040\000B\000a\000c\000k\000g\000r\000o\000u\000n\000d\000\040\000a\000n\000d\000\040\000R\000e\000l\000a\000t\000e\000d\000\040\000W\000o\000r\000k}{}% 12
\BOOKMARK [1][-]{section.2.1}{\376\377\0002\000.\0001\000\040\000T\000h\000e\000\040\000c\000l\000i\000n\000i\000c\000a\000l\000\040\000b\000a\000s\000e\000l\000i\000n\000e}{chapter.2}% 13
\BOOKMARK [1][-]{section.2.2}{\376\377\0002\000.\0002\000\040\000P\000u\000b\000l\000i\000c\000\040\000d\000a\000t\000a\000s\000e\000t\000s\000\040\000w\000e\000\040\000e\000v\000a\000l\000u\000a\000t\000e\000d}{chapter.2}% 14
\BOOKMARK [1][-]{section.2.3}{\376\377\0002\000.\0003\000\040\000R\000e\000l\000a\000t\000e\000d\000\040\000a\000c\000a\000d\000e\000m\000i\000c\000\040\000w\000o\000r\000k}{chapter.2}% 15
\BOOKMARK [2][-]{subsection.2.3.1}{\376\377\0002\000.\0003\000.\0001\000\040\000L\000e\000s\000i\000o\000n\000\040\000c\000l\000a\000s\000s\000i\000f\000i\000c\000a\000t\000i\000o\000n\000\040\000o\000n\000\040\000d\000e\000r\000m\000o\000s\000c\000o\000p\000i\000c\000\040\000i\000m\000a\000g\000e\000s}{section.2.3}% 16
\BOOKMARK [2][-]{subsection.2.3.2}{\376\377\0002\000.\0003\000.\0002\000\040\000A\000c\000n\000e\000\040\000s\000e\000v\000e\000r\000i\000t\000y\000\040\000g\000r\000a\000d\000i\000n\000g}{section.2.3}% 17
\BOOKMARK [2][-]{subsection.2.3.3}{\376\377\0002\000.\0003\000.\0003\000\040\000S\000k\000i\000n\000-\000t\000y\000p\000e\000\040\000a\000n\000d\000\040\000c\000o\000s\000m\000e\000t\000i\000c\000\040\000a\000s\000s\000e\000s\000s\000m\000e\000n\000t}{section.2.3}% 18
\BOOKMARK [2][-]{subsection.2.3.4}{\376\377\0002\000.\0003\000.\0004\000\040\000M\000u\000l\000t\000i\000-\000l\000a\000b\000e\000l\000\040\000m\000e\000d\000i\000c\000a\000l\000\040\000i\000m\000a\000g\000e\000\040\000c\000l\000a\000s\000s\000i\000f\000i\000c\000a\000t\000i\000o\000n}{section.2.3}% 19
\BOOKMARK [1][-]{section.2.4}{\376\377\0002\000.\0004\000\040\000C\000o\000m\000m\000e\000r\000c\000i\000a\000l\000\040\000a\000n\000d\000\040\000i\000n\000d\000u\000s\000t\000r\000i\000a\000l\000\040\000p\000r\000o\000d\000u\000c\000t\000s}{chapter.2}% 20
\BOOKMARK [1][-]{section.2.5}{\376\377\0002\000.\0005\000\040\000W\000h\000e\000r\000e\000\040\000C\000a\000r\000a\000\040\000f\000i\000t\000s\000\040\000i\000n\000\040\000t\000h\000e\000\040\000p\000i\000c\000t\000u\000r\000e}{chapter.2}% 21
\BOOKMARK [0][-]{chapter.3}{\376\377\0003\000\040\000A\000c\000a\000d\000e\000m\000i\000c\000\040\000B\000a\000c\000k\000g\000r\000o\000u\000n\000d}{}% 22
\BOOKMARK [1][-]{section.3.1}{\376\377\0003\000.\0001\000\040\000I\000m\000a\000g\000e\000\040\000c\000l\000a\000s\000s\000i\000f\000i\000c\000a\000t\000i\000o\000n\000,\000\040\000f\000o\000r\000m\000a\000l\000l\000y}{chapter.3}% 23
\BOOKMARK [1][-]{section.3.2}{\376\377\0003\000.\0002\000\040\000M\000u\000l\000t\000i\000-\000l\000a\000b\000e\000l\000\040\000c\000l\000a\000s\000s\000i\000f\000i\000c\000a\000t\000i\000o\000n}{chapter.3}% 24
\BOOKMARK [1][-]{section.3.3}{\376\377\0003\000.\0003\000\040\000C\000o\000n\000v\000o\000l\000u\000t\000i\000o\000n\000a\000l\000\040\000n\000e\000u\000r\000a\000l\000\040\000n\000e\000t\000w\000o\000r\000k\000s}{chapter.3}% 25
\BOOKMARK [1][-]{section.3.4}{\376\377\0003\000.\0004\000\040\000F\000r\000o\000m\000\040\000A\000l\000e\000x\000N\000e\000t\000\040\000t\000o\000\040\000E\000f\000f\000i\000c\000i\000e\000n\000t\000N\000e\000t}{chapter.3}% 26
\BOOKMARK [1][-]{section.3.5}{\376\377\0003\000.\0005\000\040\000T\000r\000a\000n\000s\000f\000e\000r\000\040\000l\000e\000a\000r\000n\000i\000n\000g}{chapter.3}% 27
\BOOKMARK [1][-]{section.3.6}{\376\377\0003\000.\0006\000\040\000R\000e\000g\000u\000l\000a\000r\000i\000s\000a\000t\000i\000o\000n\000\040\000a\000n\000d\000\040\000a\000u\000g\000m\000e\000n\000t\000a\000t\000i\000o\000n}{chapter.3}% 28
\BOOKMARK [1][-]{section.3.7}{\376\377\0003\000.\0007\000\040\000C\000l\000a\000s\000s\000\040\000i\000m\000b\000a\000l\000a\000n\000c\000e}{chapter.3}% 29
\BOOKMARK [1][-]{section.3.8}{\376\377\0003\000.\0008\000\040\000O\000p\000t\000i\000m\000i\000s\000a\000t\000i\000o\000n}{chapter.3}% 30
\BOOKMARK [1][-]{section.3.9}{\376\377\0003\000.\0009\000\040\000R\000u\000l\000e\000-\000b\000a\000s\000e\000d\000\040\000s\000y\000s\000t\000e\000m\000s\000\040\000a\000n\000d\000\040\000B\000L\000P}{chapter.3}% 31
\BOOKMARK [1][-]{section.3.10}{\376\377\0003\000.\0001\0000\000\040\000S\000o\000f\000t\000m\000a\000x\000,\000\040\000c\000r\000o\000s\000s\000-\000e\000n\000t\000r\000o\000p\000y\000\040\000a\000n\000d\000\040\000t\000h\000e\000i\000r\000\040\000g\000r\000a\000d\000i\000e\000n\000t}{chapter.3}% 32
\BOOKMARK [1][-]{section.3.11}{\376\377\0003\000.\0001\0001\000\040\000B\000a\000t\000c\000h\000\040\000n\000o\000r\000m\000a\000l\000i\000s\000a\000t\000i\000o\000n}{chapter.3}% 33
\BOOKMARK [1][-]{section.3.12}{\376\377\0003\000.\0001\0002\000\040\000M\000e\000t\000r\000i\000c\000s\000\040\000b\000e\000y\000o\000n\000d\000\040\000a\000c\000c\000u\000r\000a\000c\000y}{chapter.3}% 34
\BOOKMARK [0][-]{chapter.4}{\376\377\0004\000\040\000T\000h\000e\000\040\000D\000a\000t\000a}{}% 35
\BOOKMARK [1][-]{section.4.1}{\376\377\0004\000.\0001\000\040\000P\000h\000a\000s\000e\000\040\0001\000:\000\040\000t\000h\000e\000\040\000i\000n\000i\000t\000i\000a\000l\000\040\000d\000a\000t\000a\000\040\000l\000a\000n\000d\000s\000c\000a\000p\000e}{chapter.4}% 36
\BOOKMARK [1][-]{section.4.2}{\376\377\0004\000.\0002\000\040\000P\000h\000a\000s\000e\000\040\0002\000:\000\040\000c\000o\000n\000s\000o\000l\000i\000d\000a\000t\000i\000o\000n\000\040\000o\000n\000\040\000c\000l\000e\000a\000n\000e\000r\000\040\000a\000n\000c\000h\000o\000r\000\040\000d\000a\000t\000a}{chapter.4}% 37
\BOOKMARK [1][-]{section.4.3}{\376\377\0004\000.\0003\000\040\000P\000h\000a\000s\000e\000\040\0003\000:\000\040\000t\000h\000e\000\040\000a\000u\000d\000i\000t\000\040\000a\000n\000d\000\040\000t\000h\000e\000\040\000r\000e\000b\000u\000i\000l\000d}{chapter.4}% 38
\BOOKMARK [2][-]{subsection.4.3.1}{\376\377\0004\000.\0003\000.\0001\000\040\000T\000h\000e\000\040\000a\000c\000n\000e\000\040\000d\000a\000t\000a\000s\000e\000t\000:\000\040\000b\000o\000u\000n\000d\000i\000n\000g\000\040\000b\000o\000x\000e\000s\000\040\000w\000e\000r\000e\000\040\000n\000o\000t\000\040\000t\000h\000e\000\040\000p\000o\000i\000n\000t}{section.4.3}% 39
\BOOKMARK [2][-]{subsection.4.3.2}{\376\377\0004\000.\0003\000.\0002\000\040\000T\000h\000e\000\040\000`\000`\000h\000e\000a\000l\000t\000h\000y\000'\000'\000\040\000f\000o\000l\000d\000e\000r\000\040\000t\000h\000a\000t\000\040\000w\000a\000s\000\040\000n\000o\000t\000\040\000h\000e\000a\000l\000t\000h\000y}{section.4.3}% 40
\BOOKMARK [2][-]{subsection.4.3.3}{\376\377\0004\000.\0003\000.\0003\000\040\000T\000h\000e\000\040\000`\000`\000w\000r\000i\000n\000k\000l\000e\000s\000'\000'\000\040\000f\000o\000l\000d\000e\000r\000\040\000t\000h\000a\000t\000\040\000w\000a\000s\000\040\000e\000l\000d\000e\000r\000l\000y\000\040\000s\000t\000o\000c\000k\000\040\000p\000h\000o\000t\000o\000s}{section.4.3}% 41
\BOOKMARK [2][-]{subsection.4.3.4}{\376\377\0004\000.\0003\000.\0004\000\040\000S\000o\000f\000t\000m\000a\000x\000\040\000c\000a\000n\000n\000o\000t\000\040\000s\000a\000y\000\040\000`\000`\000n\000o\000n\000e\000'\000'}{section.4.3}% 42
\BOOKMARK [2][-]{subsection.4.3.5}{\376\377\0004\000.\0003\000.\0005\000\040\000T\000h\000e\000\040\000p\000r\000e\000p\000r\000o\000c\000e\000s\000s\000i\000n\000g\000\040\000p\000i\000p\000e\000l\000i\000n\000e\000\040\000t\000h\000a\000t\000\040\000w\000a\000s\000\040\000d\000e\000a\000d\000\040\000c\000o\000d\000e}{section.4.3}% 43
\BOOKMARK [1][-]{section.4.4}{\376\377\0004\000.\0004\000\040\000P\000h\000a\000s\000e\000\040\0003\000:\000\040\000t\000h\000e\000\040\000f\000i\000n\000a\000l\000\040\000d\000a\000t\000a\000s\000e\000t\000\040\000l\000a\000y\000o\000u\000t}{chapter.4}% 44
\BOOKMARK [2][-]{subsection.4.4.1}{\376\377\0004\000.\0004\000.\0001\000\040\000A\000c\000n\000e\000\040\000s\000e\000v\000e\000r\000i\000t\000y\000\040\000s\000p\000l\000i\000t\000\040\000a\000n\000d\000\040\000w\000e\000i\000g\000h\000t\000s}{section.4.4}% 45
\BOOKMARK [2][-]{subsection.4.4.2}{\376\377\0004\000.\0004\000.\0002\000\040\000S\000k\000i\000n\000-\000t\000y\000p\000e\000\040\000s\000p\000l\000i\000t\000\040\000a\000n\000d\000\040\000w\000e\000i\000g\000h\000t\000s}{section.4.4}% 46
\BOOKMARK [2][-]{subsection.4.4.3}{\376\377\0004\000.\0004\000.\0003\000\040\000S\000k\000i\000n\000-\000c\000o\000n\000d\000i\000t\000i\000o\000n\000s\000\040\000d\000a\000t\000a\000s\000e\000t\000\040\000\050\000m\000u\000l\000t\000i\000-\000l\000a\000b\000e\000l\000\051}{section.4.4}% 47
\BOOKMARK [2][-]{subsection.4.4.4}{\376\377\0004\000.\0004\000.\0004\000\040\000B\000C\000E\000\040\000p\000o\000s\000i\000t\000i\000v\000e\000\040\000w\000e\000i\000g\000h\000t\000s\000\040\000f\000o\000r\000\040\000s\000k\000i\000n\000\040\000c\000o\000n\000d\000i\000t\000i\000o\000n\000s}{section.4.4}% 48
\BOOKMARK [1][-]{section.4.5}{\376\377\0004\000.\0005\000\040\000S\000p\000l\000i\000t\000s\000\040\000a\000n\000d\000\040\000r\000e\000p\000r\000o\000d\000u\000c\000i\000b\000i\000l\000i\000t\000y}{chapter.4}% 49
\BOOKMARK [1][-]{section.4.6}{\376\377\0004\000.\0006\000\040\000C\000l\000e\000a\000n\000i\000n\000g}{chapter.4}% 50
\BOOKMARK [1][-]{section.4.7}{\376\377\0004\000.\0007\000\040\000A\000u\000g\000m\000e\000n\000t\000a\000t\000i\000o\000n}{chapter.4}% 51
\BOOKMARK [1][-]{section.4.8}{\376\377\0004\000.\0008\000\040\000T\000h\000e\000\040\000l\000a\000b\000e\000l\000\040\000a\000g\000r\000e\000e\000m\000e\000n\000t\000\040\000p\000r\000o\000b\000l\000e\000m}{chapter.4}% 52
\BOOKMARK [0][-]{chapter.5}{\376\377\0005\000\040\000O\000u\000r\000\040\000A\000l\000g\000o\000r\000i\000t\000h\000m\000s}{}% 53
\BOOKMARK [1][-]{section.5.1}{\376\377\0005\000.\0001\000\040\000T\000h\000e\000\040\000f\000i\000n\000a\000l\000\040\000p\000i\000p\000e\000l\000i\000n\000e\000,\000\040\000e\000n\000d\000\040\000t\000o\000\040\000e\000n\000d}{chapter.5}% 54
\BOOKMARK [1][-]{section.5.2}{\376\377\0005\000.\0002\000\040\000W\000h\000y\000\040\000E\000f\000f\000i\000c\000i\000e\000n\000t\000N\000e\000t\000-\000B\0000\000,\000\040\000a\000n\000d\000\040\000w\000h\000y\000\040\000t\000h\000r\000e\000e\000\040\000o\000f\000\040\000t\000h\000e\000m}{chapter.5}% 55
\BOOKMARK [1][-]{section.5.3}{\376\377\0005\000.\0003\000\040\000T\000w\000o\000-\000p\000h\000a\000s\000e\000\040\000t\000r\000a\000n\000s\000f\000e\000r\000\040\000l\000e\000a\000r\000n\000i\000n\000g}{chapter.5}% 56
\BOOKMARK [1][-]{section.5.4}{\376\377\0005\000.\0004\000\040\000P\000h\000a\000s\000e\000\040\0002\000:\000\040\000c\000o\000m\000p\000a\000r\000i\000n\000g\000\040\000f\000o\000u\000r\000\040\000c\000a\000n\000d\000i\000d\000a\000t\000e\000\040\000a\000r\000c\000h\000i\000t\000e\000c\000t\000u\000r\000e\000s}{chapter.5}% 57
\BOOKMARK [2][-]{subsection.5.4.1}{\376\377\0005\000.\0004\000.\0001\000\040\000C\000a\000n\000d\000i\000d\000a\000t\000e\000\040\0001\000\040\040\024\000\040\000s\000i\000n\000g\000l\000e\000\040\000m\000u\000l\000t\000i\000-\000t\000a\000s\000k\000\040\000E\000f\000f\000i\000c\000i\000e\000n\000t\000N\000e\000t\000-\000B\0000}{section.5.4}% 58
\BOOKMARK [2][-]{subsection.5.4.2}{\376\377\0005\000.\0004\000.\0002\000\040\000C\000a\000n\000d\000i\000d\000a\000t\000e\000\040\0002\000\040\040\024\000\040\000t\000h\000r\000e\000e\000\040\000i\000n\000d\000e\000p\000e\000n\000d\000e\000n\000t\000\040\000E\000f\000f\000i\000c\000i\000e\000n\000t\000N\000e\000t\000-\000B\0000\000\040\000+\000\040\000w\000e\000i\000g\000h\000t\000e\000d\000-\000v\000o\000t\000e\000\040\000f\000u\000s\000i\000o\000n}{section.5.4}% 59
\BOOKMARK [2][-]{subsection.5.4.3}{\376\377\0005\000.\0004\000.\0003\000\040\000C\000a\000n\000d\000i\000d\000a\000t\000e\000\040\0003\000\040\040\024\000\040\000t\000h\000r\000e\000e\000\040\000i\000n\000d\000e\000p\000e\000n\000d\000e\000n\000t\000\040\000E\000f\000f\000i\000c\000i\000e\000n\000t\000N\000e\000t\000-\000B\0000\000\040\000+\000\040\000l\000e\000a\000r\000n\000e\000d\000\040\000M\000L\000P\000\040\000f\000u\000s\000i\000o\000n}{section.5.4}% 60
\BOOKMARK [2][-]{subsection.5.4.4}{\376\377\0005\000.\0004\000.\0004\000\040\000C\000a\000n\000d\000i\000d\000a\000t\000e\000\040\0004\000\040\040\024\000\040\000t\000h\000r\000e\000e\000\040\000i\000n\000d\000e\000p\000e\000n\000d\000e\000n\000t\000\040\000E\000f\000f\000i\000c\000i\000e\000n\000t\000N\000e\000t\000-\000B\0000\000\040\000+\000\040\000r\000u\000l\000e\000-\000b\000a\000s\000e\000d\000\040\000B\000L\000P}{section.5.4}% 61
\BOOKMARK [2][-]{subsection.5.4.5}{\376\377\0005\000.\0004\000.\0005\000\040\000S\000u\000m\000m\000a\000r\000y\000\040\000o\000f\000\040\000t\000h\000e\000\040\000P\000h\000a\000s\000e\000-\0002\000\040\000c\000o\000m\000p\000a\000r\000i\000s\000o\000n}{section.5.4}% 62
\BOOKMARK [1][-]{section.5.5}{\376\377\0005\000.\0005\000\040\000P\000h\000a\000s\000e\000\040\0003\000,\000\040\000p\000a\000r\000t\000\040\0001\000:\000\040\000r\000e\000a\000l\000-\000w\000o\000r\000l\000d\000\040\000f\000a\000i\000l\000u\000r\000e\000s}{chapter.5}% 63
\BOOKMARK [1][-]{section.5.6}{\376\377\0005\000.\0006\000\040\000P\000r\000e\000p\000r\000o\000c\000e\000s\000s\000i\000n\000g\000\040\000p\000a\000r\000i\000t\000y}{chapter.5}% 64
\BOOKMARK [2][-]{subsection.5.6.1}{\376\377\0005\000.\0006\000.\0001\000\040\000F\000a\000c\000e\000\040\000d\000e\000t\000e\000c\000t\000i\000o\000n\000\040\000a\000n\000d\000\040\000c\000r\000o\000p\000p\000i\000n\000g}{section.5.6}% 65
\BOOKMARK [2][-]{subsection.5.6.2}{\376\377\0005\000.\0006\000.\0002\000\040\000T\000h\000e\000\040\000d\000e\000a\000d\000-\000c\000o\000d\000e\000\040\000d\000i\000s\000c\000o\000v\000e\000r\000y}{section.5.6}% 66
\BOOKMARK [2][-]{subsection.5.6.3}{\376\377\0005\000.\0006\000.\0003\000\040\000E\000X\000I\000F\000\040\000o\000r\000i\000e\000n\000t\000a\000t\000i\000o\000n\000\040\000a\000n\000d\000\040\000r\000o\000t\000a\000t\000i\000o\000n\000\040\000r\000e\000t\000r\000y}{section.5.6}% 67
\BOOKMARK [1][-]{section.5.7}{\376\377\0005\000.\0007\000\040\000P\000h\000a\000s\000e\000\040\0003\000,\000\040\000p\000a\000r\000t\000\040\0002\000:\000\040\000r\000e\000f\000a\000c\000t\000o\000r\000i\000n\000g\000\040\000s\000k\000i\000n\000\040\000i\000s\000s\000u\000e\000s\000\040\000t\000o\000\040\000m\000u\000l\000t\000i\000-\000l\000a\000b\000e\000l}{chapter.5}% 68
\BOOKMARK [2][-]{subsection.5.7.1}{\376\377\0005\000.\0007\000.\0001\000\040\000D\000o\000w\000n\000s\000t\000r\000e\000a\000m\000\040\000c\000o\000d\000e\000\040\000c\000h\000a\000n\000g\000e\000s}{section.5.7}% 69
\BOOKMARK [1][-]{section.5.8}{\376\377\0005\000.\0008\000\040\000P\000h\000a\000s\000e\000\040\0003\000,\000\040\000p\000a\000r\000t\000\040\0003\000:\000\040\000t\000h\000e\000\040\000d\000o\000m\000a\000i\000n\000-\000a\000d\000a\000p\000t\000a\000t\000i\000o\000n\000\040\000r\000e\000t\000r\000a\000i\000n}{chapter.5}% 70
\BOOKMARK [2][-]{subsection.5.8.1}{\376\377\0005\000.\0008\000.\0001\000\040\000T\000h\000e\000\040\000c\000r\000e\000a\000t\000i\000v\000e\000\040\000f\000i\000x\000:\000\040\000c\000r\000o\000s\000s\000-\000t\000a\000s\000k\000\040\000n\000e\000g\000a\000t\000i\000v\000e\000\040\000m\000i\000n\000i\000n\000g}{section.5.8}% 71
\BOOKMARK [2][-]{subsection.5.8.2}{\376\377\0005\000.\0008\000.\0002\000\040\000T\000h\000e\000\040\000r\000e\000t\000r\000a\000i\000n\000\040\000a\000n\000d\000\040\000t\000h\000e\000\040\000h\000o\000n\000e\000s\000t\000\040\000n\000u\000m\000b\000e\000r\000s}{section.5.8}% 72
\BOOKMARK [2][-]{subsection.5.8.3}{\376\377\0005\000.\0008\000.\0003\000\040\000W\000h\000y\000\040\000t\000h\000i\000s\000\040\000i\000s\000\040\000d\000e\000f\000e\000n\000s\000i\000b\000l\000e}{section.5.8}% 73
\BOOKMARK [1][-]{section.5.9}{\376\377\0005\000.\0009\000\040\000C\000o\000n\000f\000i\000d\000e\000n\000c\000e\000\040\000a\000n\000d\000\040\000u\000n\000c\000e\000r\000t\000a\000i\000n\000t\000y}{chapter.5}% 74
\BOOKMARK [1][-]{section.5.10}{\376\377\0005\000.\0001\0000\000\040\000T\000h\000e\000\040\000B\000L\000P\000\040\000r\000e\000c\000o\000m\000m\000e\000n\000d\000a\000t\000i\000o\000n\000\040\000e\000n\000g\000i\000n\000e}{chapter.5}% 75
\BOOKMARK [2][-]{subsection.5.10.1}{\376\377\0005\000.\0001\0000\000.\0001\000\040\000R\000u\000l\000e\000\040\000d\000e\000s\000i\000g\000n\000\040\000p\000r\000i\000n\000c\000i\000p\000l\000e\000s}{section.5.10}% 76
\BOOKMARK [2][-]{subsection.5.10.2}{\376\377\0005\000.\0001\0000\000.\0002\000\040\000C\000o\000v\000e\000r\000a\000g\000e\000\040\000o\000v\000e\000r\000\040\000t\000h\000e\000\040\000l\000a\000b\000e\000l\000\040\000s\000p\000a\000c\000e\000s}{section.5.10}% 77
\BOOKMARK [1][-]{section.5.11}{\376\377\0005\000.\0001\0001\000\040\000C\000o\000d\000e\000b\000a\000s\000e\000\040\000s\000a\000n\000i\000t\000a\000t\000i\000o\000n}{chapter.5}% 78
\BOOKMARK [1][-]{section.5.12}{\376\377\0005\000.\0001\0002\000\040\000B\000a\000c\000k\000p\000r\000o\000p\000a\000g\000a\000t\000i\000o\000n\000,\000\040\000i\000n\000\040\000o\000n\000e\000\040\000p\000a\000g\000e}{chapter.5}% 79
\BOOKMARK [0][-]{chapter.6}{\376\377\0006\000\040\000E\000x\000p\000e\000r\000i\000m\000e\000n\000t\000s}{}% 80
\BOOKMARK [1][-]{section.6.1}{\376\377\0006\000.\0001\000\040\000E\000x\000p\000e\000r\000i\000m\000e\000n\000t\000a\000l\000\040\000s\000e\000t\000u\000p}{chapter.6}% 81
\BOOKMARK [1][-]{section.6.2}{\376\377\0006\000.\0002\000\040\000F\000a\000i\000l\000e\000d\000\040\000e\000x\000p\000e\000r\000i\000m\000e\000n\000t\000:\000\040\000n\000a\000i\000v\000e\000\040\000r\000e\000s\000i\000z\000i\000n\000g\000\040\000w\000i\000t\000h\000o\000u\000t\000\040\000f\000a\000c\000e\000\040\000c\000r\000o\000p}{chapter.6}% 82
\BOOKMARK [1][-]{section.6.3}{\376\377\0006\000.\0003\000\040\000F\000a\000i\000l\000e\000d\000\040\000e\000x\000p\000e\000r\000i\000m\000e\000n\000t\000:\000\040\000u\000n\000w\000e\000i\000g\000h\000t\000e\000d\000\040\000c\000r\000o\000s\000s\000-\000e\000n\000t\000r\000o\000p\000y}{chapter.6}% 83
\BOOKMARK [1][-]{section.6.4}{\376\377\0006\000.\0004\000\040\000F\000a\000i\000l\000e\000d\000\040\000e\000x\000p\000e\000r\000i\000m\000e\000n\000t\000:\000\040\000a\000g\000g\000r\000e\000s\000s\000i\000v\000e\000\040\000a\000u\000g\000m\000e\000n\000t\000a\000t\000i\000o\000n}{chapter.6}% 84
\BOOKMARK [1][-]{section.6.5}{\376\377\0006\000.\0005\000\040\000S\000u\000c\000c\000e\000s\000s\000f\000u\000l\000\040\000c\000o\000m\000p\000a\000r\000i\000s\000o\000n\000:\000\040\000t\000w\000o\000-\000p\000h\000a\000s\000e\000\040\000v\000e\000r\000s\000u\000s\000\040\000s\000i\000n\000g\000l\000e\000-\000p\000h\000a\000s\000e\000\040\000t\000r\000a\000i\000n\000i\000n\000g}{chapter.6}% 85
\BOOKMARK [1][-]{section.6.6}{\376\377\0006\000.\0006\000\040\000S\000u\000c\000c\000e\000s\000s\000f\000u\000l\000\040\000c\000o\000m\000p\000a\000r\000i\000s\000o\000n\000:\000\040\000b\000a\000c\000k\000b\000o\000n\000e\000\040\000c\000o\000n\000s\000i\000d\000e\000r\000a\000t\000i\000o\000n}{chapter.6}% 86
\BOOKMARK [1][-]{section.6.7}{\376\377\0006\000.\0007\000\040\000T\000h\000e\000\040\000r\000e\000a\000l\000-\000w\000o\000r\000l\000d\000\040\000r\000e\000g\000r\000e\000s\000s\000i\000o\000n\000\040\000s\000u\000i\000t\000e}{chapter.6}% 87
\BOOKMARK [0][-]{chapter.7}{\376\377\0007\000\040\000R\000e\000s\000u\000l\000t\000s\000\040\000a\000n\000d\000\040\000E\000v\000a\000l\000u\000a\000t\000i\000o\000n}{}% 88
\BOOKMARK [1][-]{section.7.1}{\376\377\0007\000.\0001\000\040\000F\000i\000n\000a\000l\000\040\000h\000e\000a\000d\000l\000i\000n\000e\000\040\000n\000u\000m\000b\000e\000r\000s}{chapter.7}% 89
\BOOKMARK [1][-]{section.7.2}{\376\377\0007\000.\0002\000\040\000I\000n\000t\000e\000r\000p\000r\000e\000t\000i\000n\000g\000\040\000t\000h\000e\000\040\000n\000u\000m\000b\000e\000r\000s}{chapter.7}% 90
\BOOKMARK [1][-]{section.7.3}{\376\377\0007\000.\0003\000\040\000R\000e\000a\000l\000-\000w\000o\000r\000l\000d\000\040\000r\000e\000g\000r\000e\000s\000s\000i\000o\000n\000\040\000r\000e\000s\000u\000l\000t\000s}{chapter.7}% 91
\BOOKMARK [1][-]{section.7.4}{\376\377\0007\000.\0004\000\040\000Q\000u\000a\000l\000i\000t\000a\000t\000i\000v\000e\000\040\000c\000a\000s\000e\000\040\000s\000t\000u\000d\000i\000e\000s}{chapter.7}% 92
\BOOKMARK [1][-]{section.7.5}{\376\377\0007\000.\0005\000\040\000L\000a\000t\000e\000n\000c\000y\000\040\000a\000n\000d\000\040\000r\000e\000s\000o\000u\000r\000c\000e\000\040\000p\000r\000o\000f\000i\000l\000e}{chapter.7}% 93
\BOOKMARK [0][-]{chapter.8}{\376\377\0008\000\040\000T\000h\000e\000\040\000P\000r\000o\000d\000u\000c\000t}{}% 94
\BOOKMARK [1][-]{section.8.1}{\376\377\0008\000.\0001\000\040\000U\000s\000e\000r\000\040\000s\000t\000o\000r\000y}{chapter.8}% 95
\BOOKMARK [1][-]{section.8.2}{\376\377\0008\000.\0002\000\040\000T\000h\000e\000\040\000l\000a\000n\000d\000i\000n\000g\000\040\000p\000a\000g\000e\000\040\000a\000n\000d\000\040\000d\000i\000s\000c\000l\000a\000i\000m\000e\000r}{chapter.8}% 96
\BOOKMARK [1][-]{section.8.3}{\376\377\0008\000.\0003\000\040\000A\000u\000t\000h\000e\000n\000t\000i\000c\000a\000t\000i\000o\000n}{chapter.8}% 97
\BOOKMARK [1][-]{section.8.4}{\376\377\0008\000.\0004\000\040\000A\000n\000a\000l\000y\000z\000e\000\040\040\024\000\040\000u\000p\000l\000o\000a\000d\000\040\000a\000n\000d\000\040\000l\000i\000v\000e\000\040\000c\000a\000p\000t\000u\000r\000e}{chapter.8}% 98
\BOOKMARK [2][-]{subsection.8.4.1}{\376\377\0008\000.\0004\000.\0001\000\040\000F\000i\000l\000e\000-\000p\000i\000c\000k\000e\000r\000\040\000f\000l\000o\000w}{section.8.4}% 99
\BOOKMARK [2][-]{subsection.8.4.2}{\376\377\0008\000.\0004\000.\0002\000\040\000L\000i\000v\000e\000-\000c\000a\000m\000e\000r\000a\000\040\000c\000a\000p\000t\000u\000r\000e\000\040\000w\000i\000t\000h\000\040\000f\000a\000c\000e\000\040\000l\000o\000c\000k}{section.8.4}% 100
\BOOKMARK [1][-]{section.8.5}{\376\377\0008\000.\0005\000\040\000R\000e\000s\000u\000l\000t\000s}{chapter.8}% 101
\BOOKMARK [1][-]{section.8.6}{\376\377\0008\000.\0006\000\040\000H\000i\000s\000t\000o\000r\000y\000\040\000a\000n\000d\000\040\000p\000r\000o\000g\000r\000e\000s\000s\000\040\000t\000r\000a\000c\000k\000i\000n\000g}{chapter.8}% 102
\BOOKMARK [1][-]{section.8.7}{\376\377\0008\000.\0007\000\040\000S\000y\000s\000t\000e\000m\000\040\000a\000r\000c\000h\000i\000t\000e\000c\000t\000u\000r\000e}{chapter.8}% 103
\BOOKMARK [1][-]{section.8.8}{\376\377\0008\000.\0008\000\040\000F\000r\000o\000n\000t\000e\000n\000d}{chapter.8}% 104
\BOOKMARK [1][-]{section.8.9}{\376\377\0008\000.\0009\000\040\000B\000a\000c\000k\000e\000n\000d}{chapter.8}% 105
\BOOKMARK [1][-]{section.8.10}{\376\377\0008\000.\0001\0000\000\040\000S\000t\000o\000r\000a\000g\000e}{chapter.8}% 106
\BOOKMARK [1][-]{section.8.11}{\376\377\0008\000.\0001\0001\000\040\000D\000e\000p\000l\000o\000y\000m\000e\000n\000t}{chapter.8}% 107
\BOOKMARK [0][-]{chapter.9}{\376\377\0009\000\040\000S\000o\000f\000t\000w\000a\000r\000e\000\040\000E\000n\000g\000i\000n\000e\000e\000r\000i\000n\000g\000,\000\040\000T\000e\000s\000t\000i\000n\000g\000,\000\040\000a\000n\000d\000\040\000M\000L\000O\000p\000s}{}% 108
\BOOKMARK [1][-]{section.9.1}{\376\377\0009\000.\0001\000\040\000R\000e\000p\000o\000s\000i\000t\000o\000r\000y\000\040\000l\000a\000y\000o\000u\000t}{chapter.9}% 109
\BOOKMARK [1][-]{section.9.2}{\376\377\0009\000.\0002\000\040\000T\000e\000s\000t\000i\000n\000g\000\040\000p\000y\000r\000a\000m\000i\000d}{chapter.9}% 110
\BOOKMARK [2][-]{subsection.9.2.1}{\376\377\0009\000.\0002\000.\0001\000\040\000U\000n\000i\000t\000\040\000t\000e\000s\000t\000s}{section.9.2}% 111
\BOOKMARK [2][-]{subsection.9.2.2}{\376\377\0009\000.\0002\000.\0002\000\040\000I\000n\000t\000e\000g\000r\000a\000t\000i\000o\000n\000\040\000t\000e\000s\000t\000s}{section.9.2}% 112
\BOOKMARK [2][-]{subsection.9.2.3}{\376\377\0009\000.\0002\000.\0003\000\040\000M\000o\000d\000e\000l\000\040\000a\000c\000c\000u\000r\000a\000c\000y\000\040\000t\000e\000s\000t\000s}{section.9.2}% 113
\BOOKMARK [2][-]{subsection.9.2.4}{\376\377\0009\000.\0002\000.\0004\000\040\000E\000n\000d\000-\000t\000o\000-\000e\000n\000d\000\040\000t\000e\000s\000t\000s}{section.9.2}% 114
\BOOKMARK [2][-]{subsection.9.2.5}{\376\377\0009\000.\0002\000.\0005\000\040\000R\000e\000a\000l\000-\000w\000o\000r\000l\000d\000\040\000r\000e\000g\000r\000e\000s\000s\000i\000o\000n\000\040\000t\000e\000s\000t\000s}{section.9.2}% 115
\BOOKMARK [1][-]{section.9.3}{\376\377\0009\000.\0003\000\040\000R\000e\000p\000r\000o\000d\000u\000c\000i\000b\000i\000l\000i\000t\000y}{chapter.9}% 116
\BOOKMARK [1][-]{section.9.4}{\376\377\0009\000.\0004\000\040\000D\000e\000b\000u\000g\000g\000i\000n\000g\000\040\000t\000e\000c\000h\000n\000i\000q\000u\000e\000s\000\040\000w\000e\000\040\000r\000e\000l\000i\000e\000d\000\040\000o\000n}{chapter.9}% 117
\BOOKMARK [1][-]{section.9.5}{\376\377\0009\000.\0005\000\040\000C\000o\000n\000f\000i\000g\000u\000r\000a\000t\000i\000o\000n\000\040\000a\000n\000d\000\040\000s\000e\000c\000r\000e\000t\000s}{chapter.9}% 118
\BOOKMARK [1][-]{section.9.6}{\376\377\0009\000.\0006\000\040\000C\000h\000e\000c\000k\000p\000o\000i\000n\000t\000\040\000m\000a\000n\000a\000g\000e\000m\000e\000n\000t}{chapter.9}% 119
\BOOKMARK [0][-]{chapter.10}{\376\377\0001\0000\000\040\000D\000i\000s\000c\000u\000s\000s\000i\000o\000n}{}% 120
\BOOKMARK [1][-]{section.10.1}{\376\377\0001\0000\000.\0001\000\040\000I\000n\000t\000e\000r\000p\000r\000e\000t\000i\000n\000g\000\040\000t\000h\000e\000\040\000s\000t\000o\000r\000y}{chapter.10}% 121
\BOOKMARK [1][-]{section.10.2}{\376\377\0001\0000\000.\0002\000\040\000W\000h\000a\000t\000\040\000w\000o\000r\000k\000e\000d}{chapter.10}% 122
\BOOKMARK [1][-]{section.10.3}{\376\377\0001\0000\000.\0003\000\040\000W\000h\000a\000t\000\040\000d\000i\000d\000\040\000n\000o\000t\000\040\000w\000o\000r\000k}{chapter.10}% 123
\BOOKMARK [1][-]{section.10.4}{\376\377\0001\0000\000.\0004\000\040\000T\000h\000r\000e\000a\000t\000s\000\040\000t\000o\000\040\000v\000a\000l\000i\000d\000i\000t\000y}{chapter.10}% 124
\BOOKMARK [1][-]{section.10.5}{\376\377\0001\0000\000.\0005\000\040\000E\000t\000h\000i\000c\000a\000l\000\040\000c\000o\000n\000s\000i\000d\000e\000r\000a\000t\000i\000o\000n\000s}{chapter.10}% 125
\BOOKMARK [0][-]{chapter.11}{\376\377\0001\0001\000\040\000C\000o\000n\000c\000l\000u\000s\000i\000o\000n\000s}{}% 126
\BOOKMARK [0][-]{chapter.12}{\376\377\0001\0002\000\040\000F\000u\000t\000u\000r\000e\000\040\000W\000o\000r\000k}{}% 127
\BOOKMARK [1][-]{section.12.1}{\376\377\0001\0002\000.\0001\000\040\000B\000e\000t\000t\000e\000r\000\040\000d\000a\000t\000a\000\040\000f\000o\000r\000\040\000t\000h\000e\000\040\000m\000i\000n\000o\000r\000i\000t\000y\000\040\000c\000l\000a\000s\000s\000e\000s}{chapter.12}% 128
\BOOKMARK [1][-]{section.12.2}{\376\377\0001\0002\000.\0002\000\040\000O\000r\000d\000i\000n\000a\000l\000\040\000r\000e\000g\000r\000e\000s\000s\000i\000o\000n\000\040\000f\000o\000r\000\040\000a\000c\000n\000e\000\040\000s\000e\000v\000e\000r\000i\000t\000y}{chapter.12}% 129
\BOOKMARK [1][-]{section.12.3}{\376\377\0001\0002\000.\0003\000\040\000A\000t\000t\000e\000n\000t\000i\000o\000n\000-\000b\000a\000s\000e\000d\000\040\000v\000i\000s\000u\000a\000l\000i\000s\000a\000t\000i\000o\000n}{chapter.12}% 130
\BOOKMARK [1][-]{section.12.4}{\376\377\0001\0002\000.\0004\000\040\000O\000n\000-\000d\000e\000v\000i\000c\000e\000\040\000i\000n\000f\000e\000r\000e\000n\000c\000e}{chapter.12}% 131
\BOOKMARK [1][-]{section.12.5}{\376\377\0001\0002\000.\0005\000\040\000L\000a\000r\000g\000e\000r\000\040\000r\000e\000g\000r\000e\000s\000s\000i\000o\000n\000\040\000s\000e\000t\000\040\000w\000i\000t\000h\000\040\000d\000i\000v\000e\000r\000s\000e\000\040\000s\000k\000i\000n\000\040\000t\000o\000n\000e\000s}{chapter.12}% 132
\BOOKMARK [1][-]{section.12.6}{\376\377\0001\0002\000.\0006\000\040\000F\000o\000r\000m\000a\000l\000\040\000d\000e\000r\000m\000a\000t\000o\000l\000o\000g\000i\000s\000t\000\040\000r\000e\000v\000i\000e\000w\000\040\000o\000f\000\040\000t\000h\000e\000\040\000r\000u\000l\000e\000s}{chapter.12}% 133
\BOOKMARK [0][-]{appendix.A}{\376\377\000A\000\040\000A\000P\000I\000\040\000r\000e\000f\000e\000r\000e\000n\000c\000e}{}% 134
\BOOKMARK [0][-]{appendix.B}{\376\377\000B\000\040\000R\000e\000p\000o\000r\000t\000\040\000s\000c\000h\000e\000m\000a}{}% 135
\BOOKMARK [0][-]{appendix.C}{\376\377\000C\000\040\000R\000e\000p\000r\000o\000d\000u\000c\000i\000b\000i\000l\000i\000t\000y\000\040\000r\000e\000c\000i\000p\000e}{}% 136
\BOOKMARK [0][-]{appendix.D}{\376\377\000D\000\040\000I\000n\000g\000r\000e\000d\000i\000e\000n\000t\000\040\000r\000e\000f\000e\000r\000e\000n\000c\000e}{}% 137
\BOOKMARK [0][-]{appendix.E}{\376\377\000E\000\040\000G\000l\000o\000s\000s\000a\000r\000y}{}% 138
